INFO context=16384 kv=fp16 kv_resident=0 expert_slots=2666 expert_cache_mib=5181 spec=6 mtp_max=4 lookup=3 vram_free_mib=458 cvec=0 arena_mib=47962 pool_workers=11 pcie_frac=0.13 spec_min_p=0.50 engine=0.1.29
READY 16384 stop
RESUME 0
PP 1052 1057 6145 171.2
PP 1056 1057 6411 164.7
REUSED 0
T 1596
T 1144
T 4087
T 1156
T 579
T 1622
T 13
T 14235
T 7936
T 1534
T 440
T 1970
T 3425
T 52123
T 9082
T 6971
T 11
T 1228
T 84150
T 9082
T 6971
T 11
T 59860
T 3644
T 11
T 95523
T 75555
T 1752
T 11
T 6607
T 4886
T 11
T 55687
T 13
T 14235
T 5790
T 1172
T 220
T 17
T 20
T 15
T 4965
T 42328
T 6813
T 13
T 14235
T 12654
T 220
T 18
T 13
T 16
T 16
T 13
T 14235
T 4368
T 53269
T 436
T 34810
T 6297
T 440
T 791
T 45668
T 75843
T 13
T 14235
T 16097
T 2790
T 13
T 271
T 9764
T 579
T 22903
T 8242
T 16739
T 13
T 271
T 1890
T 75843
T 7976
T 25
T 198
T 12
T 4540
T 1866
T 25258
T 25
T 514
T 11
T 1581
T 84150
T 25
T 2153
T 11
T 8598
T 25
T 51338
T 58
T 12623
T 2153
T 60
T 283
T 854
T 50304
T 349
T 13609
T 13
T 198
T 12
T 615
T 4702
T 1590
T 4523
T 869
T 321
T 14973
T 27412
T 52
T 13
T 5019
T 2168
T 948
T 26334
T 11
T 321
T 1048
T 948
T 25547
T 13
T 7541
T 2603
T 10379
T 10782
T 539
T 615
T 1902
T 381
T 3514
T 12404
T 6849
T 13
T 198
T 12
T 716
T 4702
T 11
T 869
T 11
T 52123
T 25
T 2153
T 735
T 2168
T 283
T 2168
T 1590
T 5533
T 1581
T 84150
T 948
T 38136
T 13
T 997
T 58419
T 6149
T 1328
T 10098
T 287
T 869
T 321
T 48241
T 321
T 10480
T 27412
T 52
T 13
T 52123
T 6942
T 466
T 2599
T 4673
T 14953
T 13
T 198
T 12
T 3572
T 4702
T 1590
T 4523
T 2912
T 413
T 4202
T 6747
T 13
T 198
T 12
T 52285
T 77456
T 4406
T 21780
T 6297
T 2957
T 11
T 27245
T 1396
T 25547
T 4202
T 11
T 4523
T 1698
T 13
T 21600
T 494
T 866
T 4368
T 321
T 1902
T 524
T 4673
T 413
T 2361
T 4368
T 81897
T 75352
T 13
T 198
T 12
T 1259
T 2798
T 548
T 14159
T 1132
T 3756
T 10379
T 13
T 1259
T 12985
T 548
T 1902
T 524
T 63504
T 25547
T 4202
T 579
T 1347
T 2179
T 13
T 198
T 12
T 6679
T 697
T 2585
T 363
T 34237
T 6679
T 494
T 1379
DONE 256 1057 6411.3 8041.9 length 168 220 0 64998 142638
RESUME 1052
PP 2339 2344 6678 192.7
PP 2343 2344 6953 185.7
REUSED 1052
T 1596
T 1144
T 4087
T 1156
T 579
T 1622
T 13
T 14235
T 7936
T 1534
T 440
T 3515
T 10970
T 4203
T 310
T 1754
T 999
T 4598
T 1056
T 38495
T 33702
T 1970
T 11
T 1179
T 491
T 6813
T 303
T 2400
T 13
T 14235
T 4222
T 2830
T 5860
T 52123
T 9082
T 6971
T 3515
T 11
T 1228
T 84150
T 9082
T 6971
T 3515
T 30
T 2302
T 2466
T 1420
T 3515
T 10970
T 4203
T 310
T 1754
T 999
T 4598
T 1056
T 38495
T 33702
T 1970
T 11
T 1179
T 491
T 6813
T 303
T 2400
T 13
T 14235
T 6970
T 2830
T 2400
T 491
T 6813
T 30
T 328
T 3282
T 279
T 491
T 6813
T 303
T 2400
T 1149
T 16018
T 2830
T 491
T 1228
T 999
T 35983
T 303
T 2400
T 13
T 14235
T 1048
T 14246
T 50209
T 25
T 913
T 31144
T 11
T 10159
T 48851
T 13061
T 11
T 59860
T 1898
T 11
T 4906
T 5020
T 13
T 14235
T 5790
T 1970
T 1172
T 220
T 17
T 20
T 15
T 4965
T 42328
T 6813
T 30
T 16722
T 15808
T 25
T 13262
T 4220
T 3065
T 1172
T 220
T 17
T 20
T 15
T 4965
T 42328
T 6813
T 13
T 4543
T 31291
T 26
T 4222
T 1990
T 1220
T 2426
T 52123
T 9082
T 6971
T 1172
T 220
T 17
T 20
T 15
T 4965
T 30
T 14235
T 381
T 16097
T 13
T 14235
T 7936
T 1970
T 421
T 369
T 4252
T 13
T 14235
T 6970
T 524
T 3404
T 1542
T 11
T 694
T 32122
T 13
T 14235
T 2830
T 14760
T 11
T 17482
T 13
T 14235
T 2790
T 13
T 271
T 1596
T 1144
T 1118
T 18516
T 3555
T 75843
T 7976
T 7873
T 30
T 2570
T 2640
T 328
T 24254
T 279
T 75843
T 7976
T 488
T 1066
T 5947
T 1
T 694
T 567
T 3105
T 914
T 3404
T 2468
T 1970
T 303
T 4711
T 2404
T 30
T 1165
T 1144
T 9370
T 567
T 5947
T 424
T 13
T 14235
T 3300
T 3515
T 10970
T 4203
T 310
T 1754
T 999
T 13
T 1165
T 628
T 2945
T 430
T 41275
T 3515
T 66320
T 13
T 14235
T 5790
T 1534
T 1970
T 53916
T 13
T 16018
T 2830
T 3213
T 2193
T 13
T 14235
T 6970
T 2830
T 2400
T 52123
T 9082
T 6971
T 30
T 2302
DONE 256 2344 6952.9 6529.5 length 131 171 1052 82266 138105
RESUME 2339
PP 3476 3481 6463 175.9
PP 3480 3481 6728 169.6
REUSED 2339
T 1596
T 1144
T 4087
T 1156
T 579
T 1622
T 25
T 10033
T 22619
T 494
T 22486
T 20665
T 310
T 22247
T 11258
T 4392
T 13016
T 11
T 440
T 5024
T 13224
T 11
T 1898
T 11
T 1534
T 3644
T 220
T 22
T 383
T 854
T 13
T 14235
T 4222
T 874
T 1970
T 13
T 14235
T 381
T 16908
T 11
T 89274
T 11
T 13769
T 4947
T 11
T 17425
T 314
T 5787
T 11
T 34647
T 13
T 14235
T 5790
T 1428
T 11057
T 25
T 22619
T 854
T 5972
T 26516
T 4206
T 220
T 16
T 23
T 6283
T 30
T 1577
T 314
T 220
T 17
T 15
T 17
T 21
T 30
T 68863
T 6283
T 25
T 1483
T 3568
T 3588
T 220
T 18
T 16
T 220
T 17
T 15
T 16
T 21
T 11
T 748
T 22619
T 12
T 20533
T 4206
T 220
T 16
T 23
T 6283
T 13
T 1921
T 5020
T 8435
T 52
T 10592
T 6426
T 310
T 801
T 9252
T 30437
T 6283
T 539
T 220
T 17
T 15
T 18
T 20
T 30
T 1577
T 314
T 1428
T 11057
T 6970
T 220
T 16
T 23
T 6283
T 13
T 14235
T 6088
T 13
T 14235
T 3311
T 660
T 10897
T 3387
T 13
T 14235
T 6970
T 2830
T 36655
T 13
T 14235
T 1534
T 11782
T 1898
T 3566
T 11
T 18100
T 24092
T 3359
T 18530
T 11
T 31088
T 1412
T 17973
T 13
T 14235
T 1534
T 3644
T 220
T 22
T 13
T 14235
T 6970
T 6088
T 22619
T 6278
T 1954
T 25
T 436
T 16
T 34
T 11
T 436
T 20
T 11
T 351
T 88401
T 11
T 220
T 16
T 18
T 14813
T 1936
T 30
T 32645
T 22619
T 1936
T 1324
T 25
T 18989
T 220
T 16
T 15
T 14813
T 1936
T 11
T 17153
T 54603
T 1396
T 220
T 16
T 15
T 17
T 19
T 5381
T 29752
T 16
T 24
T 13
T 22
T 1578
T 553
T 5339
T 17153
T 54603
T 4769
T 220
T 17
T 16
T 11
T 220
T 16
T 24
T 24
T 24
T 26
T 2018
T 4914
T 220
T 21
T 11
T 220
T 17
T 15
T 16
T 24
T 13
T 17722
T 1452
T 16779
T 351
T 88401
T 958
T 220
T 16
T 18
T 14813
T 1936
T 318
T 23
T 16
T 24
T 17
T 5381
T 3835
DONE 256 3481 6727.6 6916.7 length 132 188 2339 82347 146290
