INFO context=16384 kv=fp16 kv_resident=0 expert_slots=2666 expert_cache_mib=5181 spec=6 mtp_max=4 lookup=3 vram_free_mib=458 cvec=0 arena_mib=47962 pool_workers=11 pcie_frac=0.13 spec_min_p=0.50 engine=0.1.29
READY 16384 stop
RESUME 0
PP 1052 1057 6140 171.3
PP 1056 1057 6461 163.4
REUSED 0
T 1596
T 1144
T 4087
T 1156
T 579
T 1622
T 13
T 14235
T 7936
T 1534
T 440
T 1970
T 3425
T 52123
T 9082
T 6971
T 11
T 1228
T 84150
T 9082
T 6971
T 11
T 59860
T 3644
T 11
T 95523
T 75555
T 1752
T 11
T 6607
T 4886
T 11
T 55687
T 13
T 14235
T 5790
T 1172
T 220
T 17
T 20
T 15
T 4965
T 42328
T 6813
T 13
T 14235
T 12654
T 220
T 18
T 13
T 16
T 16
T 13
T 14235
T 4368
T 53269
T 436
T 34810
T 6297
T 440
T 791
T 45668
T 75843
T 13
T 14235
T 16097
T 2790
T 13
T 271
T 9764
T 579
T 22903
T 8242
T 16739
T 13
T 271
T 1890
T 75843
T 7976
T 25
T 198
T 12
T 4540
T 1866
T 25258
T 25
T 514
T 11
T 1581
T 84150
T 25
T 2153
T 11
T 8598
T 25
T 51338
T 58
T 12623
T 2153
T 60
T 283
T 854
T 50304
T 349
T 13609
T 13
T 198
T 12
T 615
T 4702
T 1590
T 4523
T 869
T 321
T 14973
T 27412
T 52
T 13
T 5019
T 2168
T 948
T 26334
T 11
T 321
T 1048
T 948
T 25547
T 13
T 7541
T 2603
T 10379
T 10782
T 539
T 615
T 1902
T 381
T 3514
T 12404
T 6849
T 13
T 198
T 12
T 716
T 4702
T 11
T 869
T 11
T 52123
T 25
T 2153
T 735
T 2168
T 283
T 2168
T 1590
T 5533
T 1581
T 84150
T 948
T 38136
T 13
T 997
T 58419
T 6149
T 1328
T 10098
T 287
T 869
T 321
T 48241
T 321
T 10480
T 27412
T 52
T 13
T 52123
T 6942
T 466
T 2599
T 4673
T 14953
T 13
T 198
T 12
T 3572
T 4702
T 1590
T 4523
T 2912
T 413
T 4202
T 6747
T 13
T 198
T 12
T 52285
T 77456
T 4406
T 21780
T 6297
T 2957
T 11
T 27245
T 1396
T 25547
T 4202
T 11
T 4523
T 1698
T 13
T 21600
T 494
T 866
T 4368
T 321
T 1902
T 524
T 4673
T 413
T 2361
T 4368
T 81897
T 75352
T 13
T 198
T 12
T 1259
T 2798
T 548
T 14159
T 1132
T 3756
T 10379
T 13
T 1259
T 12985
T 548
T 1902
T 524
T 63504
T 25547
T 4202
T 579
T 1347
T 2179
T 13
T 198
T 12
T 6679
T 697
T 2585
T 363
T 34237
T 6679
T 494
T 1379
DONE 256 1057 6461.1 9414.6 length 170 215 0 62582 139359
RESUME 1052
PP 2339 2344 6677 192.7
PP 2343 2344 7030 183.6
REUSED 1052
T 1596
T 1144
T 4087
T 1156
T 579
T 1622
T 13
T 14235
T 7936
T 1534
T 440
T 3515
T 10970
T 4203
T 310
T 1754
T 999
T 4598
T 1056
T 38495
T 33702
T 1970
T 11
T 1179
T 491
T 6813
T 303
T 2400
T 13
T 14235
T 4222
T 2830
T 5860
T 52123
T 9082
T 6971
T 3515
T 11
T 1228
T 84150
T 9082
T 6971
T 3515
T 30
T 2302
T 2466
T 1420
T 3515
T 10970
T 4203
T 310
T 1754
T 999
T 4598
T 1056
T 38495
T 33702
T 1970
T 11
T 1179
T 491
T 6813
T 303
T 2400
T 13
T 14235
T 6970
T 2830
T 2400
T 491
T 6813
T 30
T 328
T 3282
T 279
T 491
T 6813
T 303
T 2400
T 1149
T 16018
T 2830
T 491
T 1228
T 999
T 35983
T 303
T 2400
T 30
T 14235
T 25705
T 13
T 14235
T 1048
T 14246
T 50209
T 25
T 913
T 31144
T 11
T 10159
T 48851
T 13061
T 11
T 59860
T 1898
T 11
T 4906
T 5020
T 13
T 14235
T 5790
T 1970
T 1172
T 220
T 17
T 20
T 15
T 4965
T 42328
T 6813
T 30
T 16722
T 15808
T 25
T 13262
T 4220
T 3065
T 1172
T 220
T 17
T 20
T 15
T 4965
T 42328
T 6813
T 13
T 4543
T 31291
T 26
T 4222
T 1990
T 1172
T 220
T 17
T 20
T 15
T 4965
T 42328
T 6813
T 30
T 14235
T 2426
T 52123
T 9082
T 6971
T 1172
T 220
T 17
T 20
T 15
T 4965
T 13
T 14235
T 2790
T 15060
T 13
T 271
T 22916
T 4072
T 39604
T 321
T 16243
T 13
T 14235
T 3286
T 43082
T 13
T 14235
T 6813
T 13
T 14235
T 1534
T 4087
T 4222
T 440
T 1970
T 9714
T 13
T 271
T 9764
T 579
T 2790
T 5860
T 75843
T 7976
T 13
T 271
T 17848
T 4222
T 25
T 198
T 1445
T 1259
T 20409
T 548
T 1120
T 31144
T 198
T 464
T 29174
T 11
T 854
T 198
T 1445
T 14856
T 1120
T 51425
T 198
T 1445
T 18904
T 1120
T 51338
T 11
T 5586
T 11
T 22306
T 271
T 1005
T 75843
T 7976
T 25
T 198
T 262
T 687
T 1259
T 2251
T 3676
T 1076
T 1590
T 198
T 950
T 638
T 1385
T 988
T 283
T 29174
T 1945
T 11648
T 363
T 198
T 950
T 638
T 1385
T 12569
T 283
DONE 256 2344 7030.1 9010.3 length 142 194 1052 77119 143274
RESUME 2339
PP 3476 3481 6822 166.7
PP 3480 3481 7131 160.0
REUSED 2339
T 1596
T 1144
T 4087
T 1156
T 579
T 491
T 1622
T 25
T 10033
T 22619
T 13
T 14235
T 4222
T 524
T 1970
T 13
T 14235
T 3311
T 660
T 13224
T 303
T 1906
T 11
T 13769
T 4947
T 11
T 15754
T 89274
T 13
T 14235
T 1238
T 1898
T 884
T 3644
T 220
T 22
T 383
T 854
T 13
T 14235
T 5790
T 874
T 39072
T 1428
T 12688
T 30
T 1577
T 314
T 1428
T 11057
T 220
T 17
T 15
T 17
T 21
T 30
T 22619
T 12
T 20533
T 4206
T 25
T 430
T 314
T 220
T 17
T 15
T 17
T 21
T 30
T 68863
T 6283
T 25
T 1483
T 3568
T 3588
T 220
T 18
T 16
T 220
T 17
T 15
T 16
T 21
T 11
T 748
T 22619
T 12
T 20533
T 283
T 220
T 16
T 23
T 6283
T 13
T 7179
T 13
T 14235
T 6088
T 220
T 17
T 15
T 17
T 21
T 30
T 8852
T 2321
T 220
T 17
T 15
T 17
T 21
T 12
T 15
T 21
T 12
T 16
T 20
T 13
T 22619
T 1936
T 17153
T 54603
T 25
T 220
T 16
T 15
T 14813
T 1936
T 11
T 220
T 16
T 15
T 17
T 19
T 5381
T 3835
T 16
T 24
T 13
T 22
T 1578
T 13
T 5339
T 17153
T 54603
T 4769
T 220
T 17
T 16
T 220
T 16
T 24
T 24
T 24
T 11
T 2018
T 4914
T 220
T 21
T 220
T 17
T 15
T 16
T 24
T 13
T 17722
T 1452
T 16779
T 12663
T 1936
T 1324
T 310
T 220
T 16
T 18
T 9192
T 30
T 22619
T 6278
T 1954
T 25
T 436
T 17
T 34
T 321
T 436
T 20
T 599
T 220
T 16
T 18
T 14813
T 1936
T 1324
T 318
T 23
T 16
T 24
T 17
T 5381
T 3835
T 16
T 20
T 22
T 1578
T 553
T 14235
T 6088
T 13
T 58516
T 48647
T 25
T 25800
T 2280
T 7148
T 386
T 231723
T 11
T 32524
T 6970
T 220
T 16
T 15
T 47651
T 16
T 18
T 65903
T 30
T 22619
T 22486
T 48647
T 14733
T 3835
T 16
T 15
T 47651
T 16
T 18
T 310
T 220
T 16
T 15
T 47651
T 16
T 19
T 11
T 32524
T 3835
T 16
T 15
T 81837
T 43251
T 30
T 6558
T 579
T 10724
DONE 256 3481 7131.3 7656.0 length 133 187 2339 82547 144457
