INFO context=16384 kv=fp16 kv_resident=0 expert_slots=2663 expert_cache_mib=5180 spec=6 mtp_max=4 lookup=3 vram_free_mib=458 cvec=0 arena_mib=47962 pool_workers=11 pcie_frac=0.13 spec_min_p=0.50 engine=0.1.29
READY 16384 stop
RESUME 0
PP 1052 1057 6251 168.3
PP 1056 1057 6528 161.8
REUSED 0
T 1596
T 1144
T 4087
T 1156
T 579
T 1622
T 13
T 14235
T 7936
T 1534
T 440
T 1970
T 3425
T 52123
T 9082
T 6971
T 11
T 1228
T 84150
T 9082
T 6971
T 11
T 59860
T 3644
T 11
T 95523
T 75555
T 1752
T 11
T 6607
T 4886
T 11
T 55687
T 13
T 14235
T 5790
T 1172
T 220
T 17
T 20
T 15
T 4965
T 42328
T 6813
T 13
T 14235
T 12654
T 220
T 18
T 13
T 16
T 16
T 13
T 14235
T 4368
T 53269
T 436
T 34810
T 6297
T 440
T 791
T 45668
T 75843
T 13
T 14235
T 16097
T 2790
T 13
T 271
T 9764
T 579
T 22903
T 8242
T 16739
T 13
T 271
T 1890
T 75843
T 7976
T 25
T 198
T 12
T 4540
T 1866
T 25258
T 25
T 514
T 11
T 1581
T 84150
T 25
T 2153
T 11
T 8598
T 25
T 51338
T 58
T 12623
T 2153
T 60
T 283
T 854
T 50304
T 349
T 13609
T 13
T 198
T 12
T 615
T 4702
T 1590
T 4523
T 869
T 321
T 14973
T 27412
T 52
T 13
T 5019
T 2168
T 948
T 26334
T 11
T 321
T 1048
T 948
T 25547
T 13
T 7541
T 2603
T 10379
T 10782
T 539
T 615
T 1902
T 381
T 3514
T 12404
T 6849
T 13
T 198
T 12
T 716
T 4702
T 11
T 869
T 11
T 52123
T 25
T 2153
T 735
T 2168
T 283
T 2168
T 1590
T 5533
T 1581
T 84150
T 948
T 38136
T 13
T 997
T 58419
T 6149
T 1328
T 10098
T 287
T 869
T 321
T 48241
T 321
T 10480
T 27412
T 52
T 13
T 52123
T 6942
T 466
T 2599
T 4673
T 14953
T 13
T 198
T 12
T 3572
T 4702
T 1590
T 4523
T 2912
T 413
T 4202
T 6747
T 13
T 198
T 12
T 52285
T 77456
T 4406
T 21780
T 6297
T 2957
T 11
T 27245
T 1396
T 25547
T 4202
T 11
T 4523
T 1698
T 13
T 21600
T 494
T 866
T 4368
T 321
T 1902
T 524
T 4673
T 413
T 2361
T 4368
T 81897
T 75352
T 13
T 198
T 12
T 1259
T 2798
T 548
T 14159
T 1132
T 3756
T 10379
T 13
T 1259
T 12985
T 548
T 1902
T 524
T 63504
T 25547
T 4202
T 579
T 1347
T 2179
T 13
T 198
T 12
T 6679
T 697
T 2585
T 363
T 34237
T 6679
T 494
T 1379
DONE 256 1057 6528.2 7266.0 length 171 212 0 52198 136822
RESUME 1052
PP 2339 2344 6713 191.7
PP 2343 2344 7045 183.3
REUSED 1052
T 1596
T 1144
T 4087
T 1156
T 579
T 1622
T 13
T 14235
T 7936
T 1534
T 440
T 3515
T 10970
T 4203
T 310
T 1754
T 999
T 4598
T 1056
T 38495
T 33702
T 1970
T 11
T 1179
T 491
T 6813
T 303
T 2400
T 13
T 14235
T 4222
T 2830
T 5860
T 52123
T 9082
T 6971
T 3515
T 11
T 1228
T 84150
T 9082
T 6971
T 3515
T 30
T 2302
T 2466
T 1420
T 3515
T 10970
T 4203
T 310
T 1754
T 999
T 4598
T 1056
T 38495
T 33702
T 1970
T 11
T 1179
T 491
T 6813
T 303
T 2400
T 13
T 14235
T 6970
T 2830
T 2400
T 491
T 6813
T 30
T 328
T 3282
T 279
T 491
T 6813
T 303
T 2400
T 1149
T 16018
T 2830
T 491
T 1228
T 999
T 35983
T 303
T 2400
T 30
T 14235
T 25705
T 13
T 14235
T 1048
T 14246
T 50209
T 25
T 913
T 31144
T 11
T 10159
T 48851
T 13061
T 11
T 59860
T 1898
T 11
T 4906
T 5020
T 11
T 3286
T 43082
T 11
T 6607
T 4886
T 30
T 561
T 3555
T 1622
T 995
T 6607
T 4886
T 321
T 55687
T 26
T 1381
T 12663
T 13
T 14235
T 4222
T 2830
T 660
T 9468
T 13
T 14235
T 5790
T 1970
T 1172
T 220
T 17
T 20
T 15
T 4965
T 42328
T 6813
T 30
T 16722
T 1018
T 2426
T 4220
T 3065
T 1172
T 220
T 17
T 20
T 15
T 4965
T 42328
T 6813
T 13
T 4543
T 7594
T 39604
T 3082
T 13080
T 1189
T 12131
T 30
T 14235
T 6970
T 2426
T 52123
T 9082
T 6971
T 1172
T 220
T 17
T 20
T 15
T 4965
T 30
T 2302
T 3105
T 914
T 20335
T 311
T 2374
T 694
T 4222
T 1990
T 13
T 14235
T 2790
T 61446
T 13
T 14235
T 4072
T 15816
T 69454
T 11
T 12659
T 470
T 51
T 13082
T 7976
T 11
T 16243
T 11
T 4062
T 8973
T 13
T 14235
T 6813
T 13
T 14235
T 3286
T 43082
T 13
T 14235
T 59860
T 1898
T 13
T 14235
T 4906
T 5020
T 13
T 14235
T 1534
T 55687
T 6970
T 494
T 3555
T 30
T 2302
T 2466
T 799
T 777
T 1440
T 506
T 809
T 14246
T 50209
T 13
T 14235
T 2830
T 1534
T 55687
T 30
T 10380
T 9542
T 13
T 271
T 22916
T 1683
T 1472
T 7873
DONE 256 2344 7044.7 9271.8 length 134 178 1052 83132 139887
RESUME 2339
PP 3476 3481 6482 175.4
PP 3480 3481 6738 169.3
REUSED 2339
T 1596
T 1144
T 4087
T 1156
T 579
T 1622
T 25
T 10033
T 22619
T 494
T 22486
T 20665
T 310
T 22247
T 11258
T 4392
T 13016
T 11
T 440
T 5024
T 13224
T 321
T 1534
T 3644
T 220
T 22
T 13
T 14235
T 4222
T 874
T 1970
T 13
T 14235
T 7936
T 15352
T 89274
T 4087
T 440
T 13769
T 4947
T 11
T 12269
T 11
T 17425
T 314
T 5787
T 11
T 34647
T 13
T 14235
T 5790
T 1428
T 11057
T 25
T 22619
T 854
T 4206
T 494
T 26516
T 30
T 1577
T 314
T 1428
T 11057
T 318
T 17
T 15
T 17
T 21
T 9868
T 22619
T 854
T 283
T 26516
T 478
T 30437
T 6283
T 2394
T 220
T 16
T 24
T 23
T 15
T 13
T 1577
T 314
T 4209
T 220
T 16
T 220
T 17
T 15
T 16
T 22
T 11
T 220
T 16
T 23
T 6283
T 13
T 2233
T 30437
T 6283
T 2394
T 1179
T 30
T 1577
T 314
T 220
T 17
T 15
T 17
T 21
T 1990
T 220
T 16
T 23
T 6283
T 30
T 353
T 1683
T 9542
T 11
T 874
T 30437
T 2018
T 1238
T 220
T 17
T 15
T 16
T 21
T 13
T 14235
T 6088
T 353
T 4180
T 26731
T 30437
T 6283
T 11
T 43382
T 4417
T 353
T 4180
T 57939
T 351
T 11
T 12529
T 303
T 22619
T 10331
T 1876
T 30
T 22619
T 45052
T 12529
T 26516
T 4206
T 4868
T 318
T 32
T 15
T 14595
T 16
T 11
T 9197
T 516
T 7041
T 11
T 74622
T 7041
T 37
T 11
T 58611
T 7041
T 37
T 8
T 310
T 5335
T 22619
T 310
T 26516
T 26
T 30437
T 2018
T 43382
T 5372
T 45052
T 4417
T 7878
T 494
T 2444
T 9933
T 11
T 1179
T 12529
T 310
T 38583
T 13
T 14235
T 381
T 16097
T 25
T 22619
T 854
T 1503
T 524
T 2830
T 30437
T 6283
T 26
T 26516
T 283
T 22619
T 471
T 30437
T 6283
T 13
T 1577
T 314
T 1428
T 11057
T 220
T 16
T 23
T 274
T 4206
T 13
T 14235
T 6088
T 220
T 17
T 15
T 17
T 21
T 30
T 1368
T 1428
T 2321
T 220
T 17
T 15
T 17
T 21
T 11
T 1990
T 220
T 16
T 23
T 6283
T 7014
T 353
T 4180
T 5324
T 30
DONE 256 3481 6737.9 7332.0 length 111 162 2339 79436 143567
