INFO context=16384 kv=fp16 kv_resident=0 expert_slots=2638 expert_cache_mib=5182 spec=6 mtp_max=4 lookup=3 vram_free_mib=456 cvec=0 arena_mib=47962 pool_workers=11 pcie_frac=0.13 spec_min_p=0.50 engine=0.1.29
READY 16384 stop
RESUME 0
PP 1052 1057 6077 173.1
PP 1056 1057 6430 164.2
REUSED 0
T 1596
T 1144
T 4087
T 1156
T 579
T 1622
T 13
T 14235
T 7936
T 1534
T 440
T 1970
T 3425
T 11
T 59860
T 3644
T 11
T 95523
T 11
T 6607
T 4886
T 11
T 55687
T 13
T 14235
T 5790
T 1172
T 220
T 17
T 20
T 15
T 4965
T 42328
T 6813
T 13
T 14235
T 4072
T 4368
T 53269
T 436
T 34810
T 6297
T 440
T 791
T 45668
T 75843
T 12654
T 220
T 18
T 13
T 16
T 16
T 13
T 14235
T 16097
T 883
T 5128
T 24559
T 25
T 328
T 2665
T 5128
T 1189
T 381
T 5467
T 3808
T 1156
T 25827
T 1680
T 430
T 279
T 8598
T 709
T 1602
T 2512
T 777
T 1056
T 4221
T 471
T 3404
T 1562
T 279
T 8598
T 4613
T 279
T 5128
T 694
T 2496
T 1562
T 23410
T 1156
T 1970
T 1345
T 9668
T 424
T 1149
T 1061
T 369
T 67765
T 30
T 1049
T 2640
T 8598
T 15094
T 470
T 22324
T 11
T 6813
T 28953
T 14
T 57316
T 13
T 4844
T 2640
T 2233
T 5128
T 1189
T 381
T 5467
T 3808
T 1156
T 25827
T 1680
T 430
T 279
T 8598
T 709
T 1602
T 2512
T 777
T 1056
T 4221
T 471
T 3404
T 1562
T 279
T 8598
T 4613
T 279
T 5128
T 694
T 2496
T 1562
T 23410
T 1156
T 1970
T 1345
T 9668
T 424
T 13
T 14235
T 13792
T 25
T 8598
T 369
T 1156
T 4667
T 30
T 1049
T 2640
T 1562
T 8598
T 4613
T 5128
T 694
T 2496
T 1562
T 23410
T 1156
T 1970
T 1345
T 9668
T 424
T 13
T 10380
T 8598
T 369
T 21118
T 30
T 1921
T 328
T 2665
T 5128
T 1189
T 381
T 5467
T 3808
T 1156
T 25827
T 1680
T 430
T 279
T 8598
T 709
T 1602
T 2512
T 777
T 1056
T 4221
T 1
T 3254
T 1459
T 914
T 1562
T 8598
T 5081
T 2942
T 79531
T 26
T 1562
T 424
T 2957
T 4613
T 5128
T 30
T 1921
T 413
T 8598
T 369
T 1156
T 4667
T 11
T 9668
T 5128
T 3808
T 424
T 48624
T 30
T 2302
T 20335
T 1910
T 3404
T 1562
T 279
T 8598
T 4613
T 279
T 5128
T 694
T 2496
T 1562
T 23410
T 1156
T 1970
T 1345
T 9668
T 424
T 13
T 1987
T 8598
T 369
T 5252
T 4613
T 5128
T 30
T 14235
DONE 256 1057 6429.6 8378.1 length 157 199 0 77488 138148
RESUME 1052
PP 2339 2344 6646 193.6
PP 2343 2344 7008 184.2
REUSED 1052
T 1596
T 1144
T 4087
T 1156
T 579
T 1622
T 13
T 14235
T 7936
T 1534
T 440
T 3515
T 10970
T 4203
T 310
T 1754
T 999
T 4598
T 1056
T 38495
T 33702
T 1970
T 11
T 1179
T 491
T 6813
T 303
T 2400
T 13
T 14235
T 4222
T 2830
T 5860
T 52123
T 9082
T 6971
T 3515
T 11
T 1228
T 84150
T 9082
T 6971
T 3515
T 30
T 2302
T 2466
T 1420
T 3515
T 10970
T 4203
T 310
T 1754
T 999
T 4598
T 1056
T 38495
T 33702
T 1970
T 11
T 1179
T 491
T 6813
T 303
T 2400
T 13
T 14235
T 6970
T 2830
T 2400
T 491
T 6813
T 30
T 328
T 3282
T 279
T 491
T 6813
T 303
T 2400
T 1
T 4222
T 2830
T 491
T 6813
T 2400
T 13
T 14235
T 1048
T 3534
T 351
T 3286
T 11
T 14246
T 50209
T 11
T 59860
T 1898
T 11
T 4906
T 5020
T 13
T 14235
T 5790
T 1970
T 1172
T 220
T 17
T 20
T 15
T 4965
T 42328
T 6813
T 30
T 16722
T 15808
T 1172
T 220
T 17
T 20
T 15
T 4965
T 42328
T 6813
T 13
T 4543
T 31291
T 26
T 4222
T 1990
T 2426
T 6522
T 1172
T 220
T 17
T 20
T 15
T 4965
T 30
T 14235
T 6970
T 6088
T 1534
T 52123
T 9082
T 6971
T 1500
T 1698
T 30
T 14235
T 2790
T 13
T 14235
T 4072
T 39604
T 11
T 16243
T 11
T 35959
T 13
T 14235
T 16097
T 440
T 5128
T 24559
T 25
T 15816
T 13514
T 999
T 1345
T 9668
T 5128
T 30
T 73341
T 25
T 15816
T 5953
T 4603
T 6297
T 18546
T 2586
T 13
T 14235
T 5471
T 9668
T 5128
T 3808
T 999
T 353
T 17011
T 30
T 1921
T 15816
T 1902
T 381
T 12594
T 13
T 16018
T 1831
T 15816
T 1172
T 5128
T 310
T 2880
T 10379
T 11
T 1179
T 4722
T 5128
T 321
T 3165
T 999
T 13
T 1921
T 413
T 716
T 32907
T 11
T 15816
T 1189
T 381
T 48659
T 694
T 524
T 20496
T 13
T 73341
T 3534
T 351
T 25
T 15816
T 32907
T 440
T 716
T 26
T 63544
T 25
T 2880
T 1172
T 5128
T 11
T 3165
T 4732
T 5128
T 13
T 1921
T 413
T 15816
T 13514
T 4732
T 5128
T 11
T 999
T 1189
T 524
T 8443
T 5362
DONE 256 2344 7007.7 8739.8 length 118 153 1052 82340 136167
RESUME 2339
PP 3476 3481 6504 174.8
PP 3480 3481 6767 168.6
REUSED 2339
T 1596
T 1144
T 4087
T 1156
T 579
T 1622
T 13
T 14235
T 7936
T 1534
T 89274
T 1414
T 13
T 14235
T 4222
T 874
T 1970
T 13
T 14235
T 3311
T 660
T 13224
T 303
T 1906
T 11
T 13769
T 4947
T 11
T 1898
T 11
T 1534
T 3644
T 220
T 22
T 13
T 14235
T 381
T 12995
T 13
T 14235
T 1683
T 1472
T 22619
T 3447
T 13
T 271
T 1421
T 16561
T 25
T 328
T 16345
T 286
T 12960
T 11040
T 25
T 10033
T 1204
T 279
T 7711
T 12026
T 286
T 717
T 4138
T 11
T 494
T 22486
T 20665
T 310
T 279
T 22247
T 11258
T 13016
T 488
T 3404
T 615
T 383
T 264
T 4392
T 13
T 271
T 29883
T 1439
T 13224
T 303
T 1906
T 25
T 198
T 16
T 13
T 3433
T 9933
T 1076
T 198
T 17
T 13
T 8028
T 1076
T 198
T 18
T 13
T 18100
T 321
T 6673
T 1076
T 198
T 19
T 13
T 1412
T 7916
T 321
T 48684
T 1076
T 198
T 20
T 13
T 47080
T 778
T 1076
T 198
T 21
T 13
T 4392
T 1105
T 1076
T 198
T 3601
T 440
T 2716
T 11782
T 1898
T 25
T 3566
T 11
T 3315
T 18100
T 24092
T 3359
T 18530
T 11
T 31088
T 1412
T 17973
T 13
T 198
T 5836
T 1898
T 11
T 884
T 1534
T 3644
T 220
T 22
T 383
T 854
T 4924
T 1076
T 198
T 1
T 271
T 22916
T 4087
T 303
T 6163
T 13
T 14235
T 2830
T 660
T 10897
T 13
T 14235
T 6970
T 6088
T 1428
T 11057
T 30437
T 6283
T 25
T 22619
T 854
T 283
T 26516
T 478
T 220
T 16
T 23
T 6283
T 30
T 1577
T 314
T 220
T 17
T 15
T 17
T 20
T 30
T 68863
T 6283
T 25
T 1483
T 3568
T 3588
T 220
T 18
T 16
T 220
T 17
T 15
T 16
T 21
T 11
T 748
T 22619
T 12
T 20533
T 4206
T 220
T 16
T 23
T 274
T 13
T 1921
T 5020
T 220
T 17
T 15
T 17
T 20
T 30
T 2532
T 513
T 874
T 30437
T 6283
T 2394
T 220
T 17
T 15
T 16
T 21
T 26
T 4206
T 8198
T 220
T 16
T 23
T 274
T 13
T 14235
T 6088
T 353
T 4180
T 46094
T 30437
T 6283
T 11
T 12529
DONE 256 3481 6766.8 7312.5 length 149 197 2339 66753 139916
