INFO context=16384 kv=fp16 kv_resident=0 expert_slots=2638 expert_cache_mib=5182 spec=6 mtp_max=4 lookup=3 vram_free_mib=456 cvec=0 arena_mib=47962 pool_workers=11 pcie_frac=0.13 spec_min_p=0.50 engine=0.1.29
READY 16384 stop
RESUME 0
PP 1052 1057 6051 173.9
PP 1056 1057 6317 167.2
REUSED 0
T 1596
T 1144
T 4087
T 1156
T 579
T 1622
T 13
T 14235
T 7936
T 1534
T 440
T 1970
T 3425
T 11
T 59860
T 3644
T 11
T 95523
T 11
T 6607
T 4886
T 11
T 55687
T 13
T 14235
T 5790
T 1172
T 220
T 17
T 20
T 15
T 4965
T 42328
T 6813
T 13
T 14235
T 4072
T 4368
T 53269
T 436
T 34810
T 6297
T 440
T 791
T 45668
T 75843
T 12654
T 220
T 18
T 13
T 16
T 16
T 13
T 14235
T 16097
T 883
T 5128
T 24559
T 25
T 328
T 2665
T 5128
T 1189
T 381
T 5467
T 3808
T 1156
T 25827
T 1680
T 430
T 279
T 8598
T 709
T 1602
T 2512
T 777
T 1056
T 4221
T 471
T 3404
T 1562
T 279
T 8598
T 4613
T 279
T 5128
T 694
T 2496
T 1562
T 23410
T 1156
T 1970
T 1345
T 9668
T 424
T 1149
T 1061
T 369
T 67765
T 30
T 1049
T 2640
T 8598
T 15094
T 470
T 22324
T 11
T 6813
T 28953
T 14
T 57316
T 13
T 4844
T 2640
T 2233
T 5128
T 1189
T 381
T 5467
T 3808
T 1156
T 25827
T 1680
T 430
T 279
T 8598
T 709
T 1602
T 2512
T 777
T 1056
T 4221
T 471
T 3404
T 1562
T 279
T 8598
T 4613
T 279
T 5128
T 694
T 2496
T 1562
T 23410
T 1156
T 1970
T 1345
T 9668
T 424
T 13
T 14235
T 13792
T 25
T 8598
T 369
T 1156
T 4667
T 30
T 1049
T 2640
T 1562
T 8598
T 4613
T 5128
T 694
T 2496
T 1562
T 23410
T 1156
T 1970
T 1345
T 9668
T 424
T 13
T 10380
T 8598
T 369
T 21118
T 30
T 1921
T 328
T 2665
T 5128
T 1189
T 381
T 5467
T 3808
T 1156
T 25827
T 1680
T 430
T 279
T 8598
T 709
T 1602
T 2512
T 777
T 1056
T 4221
T 1
T 6970
T 3254
T 1459
T 914
T 1562
T 8598
T 79531
T 11
T 694
T 413
T 2512
T 11
T 4613
T 5128
T 30
T 85152
T 13
T 14235
T 25705
T 25
T 958
T 799
T 423
T 11648
T 2094
T 660
T 32472
T 13
T 42272
T 1189
T 4191
T 5128
T 13
T 4356
T 382
T 1172
T 5128
T 13
T 25307
T 15094
T 470
T 13
T 16018
T 1562
T 8598
T 4613
T 5128
T 364
T 7289
T 13
T 1921
T 328
T 35288
T 1562
T 23410
T 1156
DONE 256 1057 6316.6 6846.5 length 154 203 0 80054 141920
RESUME 1052
PP 2339 2344 6644 193.7
PP 2343 2344 6930 186.3
REUSED 1052
T 1596
T 1144
T 4087
T 1156
T 579
T 1622
T 13
T 14235
T 7936
T 1534
T 440
T 3515
T 10970
T 4203
T 310
T 1754
T 999
T 4598
T 1056
T 38495
T 33702
T 1970
T 11
T 1179
T 491
T 6813
T 303
T 2400
T 13
T 14235
T 4222
T 2830
T 5860
T 52123
T 9082
T 6971
T 3515
T 11
T 1228
T 84150
T 9082
T 6971
T 3515
T 30
T 2302
T 2466
T 1420
T 3515
T 10970
T 4203
T 310
T 1754
T 999
T 4598
T 1056
T 38495
T 33702
T 1970
T 11
T 1179
T 491
T 6813
T 303
T 2400
T 13
T 14235
T 6970
T 2830
T 2400
T 491
T 6813
T 30
T 328
T 3282
T 279
T 491
T 6813
T 303
T 2400
T 1149
T 16018
T 2830
T 491
T 1228
T 999
T 35983
T 2400
T 13
T 14235
T 5790
T 1172
T 220
T 17
T 20
T 15
T 4965
T 42328
T 6813
T 30
T 16722
T 15808
T 25
T 13262
T 4220
T 3065
T 1172
T 220
T 17
T 20
T 15
T 4965
T 42328
T 6813
T 13
T 4543
T 31291
T 26
T 4222
T 1990
T 1172
T 220
T 17
T 20
T 15
T 4965
T 42328
T 6813
T 30
T 14235
T 9791
T 13
T 14235
T 7936
T 1970
T 3515
T 524
T 2400
T 30
T 1921
T 1534
T 4087
T 628
T 2830
T 3515
T 13
T 14235
T 5790
T 1970
T 4252
T 13
T 14235
T 1683
T 16739
T 13
T 271
T 1596
T 1144
T 4072
T 75843
T 7976
T 440
T 39604
T 321
T 16243
T 13
T 14235
T 6970
T 9370
T 3555
T 1970
T 30
T 1165
T 1144
T 3300
T 3515
T 10970
T 4203
T 310
T 1754
T 999
T 13
T 14235
T 4222
T 2830
T 3213
T 2193
T 13
T 14235
T 6970
T 2830
T 1534
T 10159
T 48851
T 13061
T 13
T 14235
T 6813
T 2400
T 13
T 14235
T 59860
T 1898
T 4831
T 13
T 14235
T 14246
T 50209
T 13
T 271
T 22916
T 2790
T 25
T 198
T 12
T 75843
T 7976
T 523
T 440
T 51425
T 10379
T 13
T 15324
T 6970
T 13992
T 3553
T 11
T 26996
T 3625
T 11
T 506
T 531
T 553
T 14235
T 10159
T 30494
T 13
T 198
T 12
T 14235
T 4536
T 11258
T 16602
T 30
T 328
T 12718
T 264
T 4536
T 11258
T 16602
T 421
T 7189
T 854
T 6177
T 363
T 471
T 8598
DONE 256 2344 6929.6 6813.4 length 128 165 1052 83685 137415
RESUME 2339
PP 3476 3481 6607 172.1
PP 3480 3481 6949 164.2
REUSED 2339
T 1596
T 1144
T 4087
T 1156
T 579
T 1622
T 25
T 10033
T 22619
T 494
T 22486
T 20665
T 310
T 4392
T 13016
T 11
T 440
T 5024
T 13224
T 11
T 1898
T 11
T 1534
T 3644
T 220
T 22
T 13
T 14235
T 4222
T 874
T 1970
T 13
T 14235
T 7936
T 15352
T 89274
T 4087
T 13
T 14235
T 5790
T 1428
T 11057
T 25
T 22619
T 854
T 5972
T 26516
T 4206
T 220
T 16
T 23
T 6283
T 430
T 314
T 1428
T 11057
T 30
T 1577
T 314
T 220
T 17
T 15
T 17
T 21
T 30
T 68863
T 6283
T 25
T 1483
T 3568
T 3588
T 220
T 18
T 16
T 220
T 17
T 15
T 16
T 21
T 11
T 748
T 22619
T 12
T 20533
T 4206
T 220
T 16
T 23
T 6283
T 13
T 22619
T 1936
T 17153
T 54603
T 25
T 220
T 16
T 15
T 14813
T 1936
T 11
T 220
T 16
T 15
T 17
T 19
T 5381
T 3835
T 16
T 24
T 13
T 22
T 1578
T 13
T 5339
T 17153
T 54603
T 4769
T 220
T 17
T 16
T 14
T 17
T 17
T 220
T 16
T 24
T 24
T 24
T 11
T 2018
T 4914
T 220
T 21
T 220
T 17
T 15
T 16
T 24
T 13
T 17722
T 1452
T 16779
T 12663
T 1936
T 1324
T 310
T 220
T 16
T 18
T 9192
T 30
T 14235
T 381
T 12995
T 25
T 22619
T 6278
T 1954
T 25
T 436
T 17
T 34
T 321
T 436
T 20
T 10331
T 6397
T 599
T 220
T 16
T 18
T 14813
T 1936
T 1324
T 30
T 353
T 1683
T 436
T 17
T 34
T 321
T 436
T 20
T 599
T 220
T 16
T 18
T 14813
T 1936
T 1324
T 318
T 23
T 16
T 24
T 17
T 5381
T 3835
T 16
T 20
T 22
T 1578
T 553
T 436
T 16
T 351
T 10052
T 1990
T 220
T 16
T 15
T 14813
T 13
T 7054
T 351
T 88401
T 1876
T 682
T 220
T 16
T 18
T 14813
T 1936
T 30
T 7179
T 13
T 14235
T 6088
T 13
T 271
T 22916
T 3311
T 25
T 198
T 16
T 3433
T 9933
T 25
T 1204
T 1599
T 45052
T 11
T 62409
T 41535
T 380
T 6548
T 4644
T 19965
T 11
T 3069
T 11543
T 888
T 82173
T 14
T 841
T 46
DONE 256 3481 6949.5 7461.3 length 135 187 2339 80739 143725
